Archive member included to satisfy reference by file (symbol)

C:/ST/STM32CubeIDE_1.9.0/STM32CubeIDE/plugins/com.st.stm32cube.ide.mcu.externaltools.gnu-tools-for-stm32.11.3.rel1.win32_1.1.1.202309131626/tools/bin/../lib/gcc/arm-none-eabi/11.3.1/../../../../arm-none-eabi/lib/thumb/v7-m/nofp\libc_nano.a(libc_a-exit.o)
                              C:/ST/STM32CubeIDE_1.9.0/STM32CubeIDE/plugins/com.st.stm32cube.ide.mcu.externaltools.gnu-tools-for-stm32.11.3.rel1.win32_1.1.1.202309131626/tools/bin/../lib/gcc/arm-none-eabi/11.3.1/../../../../arm-none-eabi/lib/thumb/v7-m/nofp/crt0.o (exit)
C:/ST/STM32CubeIDE_1.9.0/STM32CubeIDE/plugins/com.st.stm32cube.ide.mcu.externaltools.gnu-tools-for-stm32.11.3.rel1.win32_1.1.1.202309131626/tools/bin/../lib/gcc/arm-none-eabi/11.3.1/../../../../arm-none-eabi/lib/thumb/v7-m/nofp\libc_nano.a(libc_a-findfp.o)
                              C:/ST/STM32CubeIDE_1.9.0/STM32CubeIDE/plugins/com.st.stm32cube.ide.mcu.externaltools.gnu-tools-for-stm32.11.3.rel1.win32_1.1.1.202309131626/tools/bin/../lib/gcc/arm-none-eabi/11.3.1/../../../../arm-none-eabi/lib/thumb/v7-m/nofp\libc_nano.a(libc_a-exit.o) (__stdio_exit_handler)
C:/ST/STM32CubeIDE_1.9.0/STM32CubeIDE/plugins/com.st.stm32cube.ide.mcu.externaltools.gnu-tools-for-stm32.11.3.rel1.win32_1.1.1.202309131626/tools/bin/../lib/gcc/arm-none-eabi/11.3.1/../../../../arm-none-eabi/lib/thumb/v7-m/nofp\libc_nano.a(libc_a-fwalk.o)
                              C:/ST/STM32CubeIDE_1.9.0/STM32CubeIDE/plugins/com.st.stm32cube.ide.mcu.externaltools.gnu-tools-for-stm32.11.3.rel1.win32_1.1.1.202309131626/tools/bin/../lib/gcc/arm-none-eabi/11.3.1/../../../../arm-none-eabi/lib/thumb/v7-m/nofp\libc_nano.a(libc_a-findfp.o) (_fwalk_sglue)
C:/ST/STM32CubeIDE_1.9.0/STM32CubeIDE/plugins/com.st.stm32cube.ide.mcu.externaltools.gnu-tools-for-stm32.11.3.rel1.win32_1.1.1.202309131626/tools/bin/../lib/gcc/arm-none-eabi/11.3.1/../../../../arm-none-eabi/lib/thumb/v7-m/nofp\libc_nano.a(libc_a-stdio.o)
                              C:/ST/STM32CubeIDE_1.9.0/STM32CubeIDE/plugins/com.st.stm32cube.ide.mcu.externaltools.gnu-tools-for-stm32.11.3.rel1.win32_1.1.1.202309131626/tools/bin/../lib/gcc/arm-none-eabi/11.3.1/../../../../arm-none-eabi/lib/thumb/v7-m/nofp\libc_nano.a(libc_a-findfp.o) (__sread)
C:/ST/STM32CubeIDE_1.9.0/STM32CubeIDE/plugins/com.st.stm32cube.ide.mcu.externaltools.gnu-tools-for-stm32.11.3.rel1.win32_1.1.1.202309131626/tools/bin/../lib/gcc/arm-none-eabi/11.3.1/../../../../arm-none-eabi/lib/thumb/v7-m/nofp\libc_nano.a(libc_a-memset.o)
                              C:/ST/STM32CubeIDE_1.9.0/STM32CubeIDE/plugins/com.st.stm32cube.ide.mcu.externaltools.gnu-tools-for-stm32.11.3.rel1.win32_1.1.1.202309131626/tools/bin/../lib/gcc/arm-none-eabi/11.3.1/../../../../arm-none-eabi/lib/thumb/v7-m/nofp/crt0.o (memset)
C:/ST/STM32CubeIDE_1.9.0/STM32CubeIDE/plugins/com.st.stm32cube.ide.mcu.externaltools.gnu-tools-for-stm32.11.3.rel1.win32_1.1.1.202309131626/tools/bin/../lib/gcc/arm-none-eabi/11.3.1/../../../../arm-none-eabi/lib/thumb/v7-m/nofp\libc_nano.a(libc_a-closer.o)
                              C:/ST/STM32CubeIDE_1.9.0/STM32CubeIDE/plugins/com.st.stm32cube.ide.mcu.externaltools.gnu-tools-for-stm32.11.3.rel1.win32_1.1.1.202309131626/tools/bin/../lib/gcc/arm-none-eabi/11.3.1/../../../../arm-none-eabi/lib/thumb/v7-m/nofp\libc_nano.a(libc_a-stdio.o) (_close_r)
C:/ST/STM32CubeIDE_1.9.0/STM32CubeIDE/plugins/com.st.stm32cube.ide.mcu.externaltools.gnu-tools-for-stm32.11.3.rel1.win32_1.1.1.202309131626/tools/bin/../lib/gcc/arm-none-eabi/11.3.1/../../../../arm-none-eabi/lib/thumb/v7-m/nofp\libc_nano.a(libc_a-reent.o)
                              C:/ST/STM32CubeIDE_1.9.0/STM32CubeIDE/plugins/com.st.stm32cube.ide.mcu.externaltools.gnu-tools-for-stm32.11.3.rel1.win32_1.1.1.202309131626/tools/bin/../lib/gcc/arm-none-eabi/11.3.1/../../../../arm-none-eabi/lib/thumb/v7-m/nofp\libc_nano.a(libc_a-closer.o) (errno)
C:/ST/STM32CubeIDE_1.9.0/STM32CubeIDE/plugins/com.st.stm32cube.ide.mcu.externaltools.gnu-tools-for-stm32.11.3.rel1.win32_1.1.1.202309131626/tools/bin/../lib/gcc/arm-none-eabi/11.3.1/../../../../arm-none-eabi/lib/thumb/v7-m/nofp\libc_nano.a(libc_a-impure.o)
                              C:/ST/STM32CubeIDE_1.9.0/STM32CubeIDE/plugins/com.st.stm32cube.ide.mcu.externaltools.gnu-tools-for-stm32.11.3.rel1.win32_1.1.1.202309131626/tools/bin/../lib/gcc/arm-none-eabi/11.3.1/../../../../arm-none-eabi/lib/thumb/v7-m/nofp\libc_nano.a(libc_a-reent.o) (_impure_ptr)
C:/ST/STM32CubeIDE_1.9.0/STM32CubeIDE/plugins/com.st.stm32cube.ide.mcu.externaltools.gnu-tools-for-stm32.11.3.rel1.win32_1.1.1.202309131626/tools/bin/../lib/gcc/arm-none-eabi/11.3.1/../../../../arm-none-eabi/lib/thumb/v7-m/nofp\libc_nano.a(libc_a-lseekr.o)
[...]
Memory Configuration

Name             Origin             Length             Attributes
RAM              0x0000000020000000 0x0000000000005000 xrw
FLASH            0x0000000008000000 0x0000000000010000 xr
*default*        0x0000000000000000 0xffffffffffffffff

Linker script and memory map

LOAD C:/ST/STM32CubeIDE_1.9.0/STM32CubeIDE/plugins/com.st.stm32cube.ide.mcu.externaltools.gnu-tools-for-stm32.11.3.rel1.win32_1.1.1.202309131626/tools/bin/../lib/gcc/arm-none-eabi/11.3.1/thumb/v7-m/nofp/crti.o
LOAD C:/ST/STM32CubeIDE_1.9.0/STM32CubeIDE/plugins/com.st.stm32cube.ide.mcu.externaltools.gnu-tools-for-stm32.11.3.rel1.win32_1.1.1.202309131626/tools/bin/../lib/gcc/arm-none-eabi/11.3.1/thumb/v7-m/nofp/crtbegin.o
LOAD C:/ST/STM32CubeIDE_1.9.0/STM32CubeIDE/plugins/com.st.stm32cube.ide.mcu.externaltools.gnu-tools-for-stm32.11.3.rel1.win32_1.1.1.202309131626/tools/bin/../lib/gcc/arm-none-eabi/11.3.1/../../../../arm-none-eabi/lib/thumb/v7-m/nofp/crt0.o
LOAD ./Core/Src/ServoCtrl.o
LOAD ./Core/Src/main.o
LOAD ./Core/Src/stm32f1xx_hal_msp.o
LOAD ./Core/Src/stm32f1xx_it.o
LOAD ./Core/Src/syscalls.o
LOAD ./Core/Src/sysmem.o
LOAD ./Core/Src/system_stm32f1xx.o
LOAD ./Core/Src/wrapper.o
LOAD ./Core/Startup/startup_stm32f103c8tx.o
LOAD ./Drivers/STM32F1xx_HAL_Driver/Src/stm32f1xx_hal.o
LOAD ./Drivers/STM32F1xx_HAL_Driver/Src/stm32f1xx_hal_can.o
LOAD ./Drivers/STM32F1xx_HAL_Driver/Src/stm32f1xx_hal_cortex.o
LOAD ./Drivers/STM32F1xx_HAL_Driver/Src/stm32f1xx_hal_dma.o
LOAD ./Drivers/STM32F1xx_HAL_Driver/Src/stm32f1xx_hal_exti.o
LOAD ./Drivers/STM32F1xx_HAL_Driver/Src/stm32f1xx_hal_flash.o
LOAD ./Drivers/STM32F1xx_HAL_Driver/Src/stm32f1xx_hal_flash_ex.o
LOAD ./Drivers/STM32F1xx_HAL_Driver/Src/stm32f1xx_hal_gpio.o
LOAD ./Drivers/STM32F1xx_HAL_Driver/Src/stm32f1xx_hal_gpio_ex.o
LOAD ./Drivers/STM32F1xx_HAL_Driver/Src/stm32f1xx_hal_pwr.o
LOAD ./Drivers/STM32F1xx_HAL_Driver/Src/stm32f1xx_hal_rcc.o
LOAD ./Drivers/STM32F1xx_HAL_Driver/Src/stm32f1xx_hal_rcc_ex.o
LOAD ./Drivers/STM32F1xx_HAL_Driver/Src/stm32f1xx_hal_tim.o
LOAD ./Drivers/STM32F1xx_HAL_Driver/Src/stm32f1xx_hal_tim_ex.o
LOAD ./Drivers/STM32F1xx_HAL_Driver/Src/stm32f1xx_hal_uart.o
START GROUP
LOAD C:/ST/STM32CubeIDE_1.9.0/STM32CubeIDE/plugins/com.st.stm32cube.ide.mcu.externaltools.gnu-tools-for-stm32.11.3.rel1.win32_1.1.1.202309131626/tools/bin/../lib/gcc/arm-none-eabi/11.3.1/../../../../arm-none-eabi/lib/thumb/v7-m/nofp\libstdc++_nano.a
LOAD C:/ST/STM32CubeIDE_1.9.0/STM32CubeIDE/plugins/com.st.stm32cube.ide.mcu.externaltools.gnu-tools-for-stm32.11.3.rel1.win32_1.1.1.202309131626/tools/bin/../lib/gcc/arm-none-eabi/11.3.1/../../../../arm-none-eabi/lib/thumb/v7-m/nofp\libsupc++_nano.a
END GROUP
LOAD C:/ST/STM32CubeIDE_1.9.0/STM32CubeIDE/plugins/com.st.stm32cube.ide.mcu.externaltools.gnu-tools-for-stm32.11.3.rel1.win32_1.1.1.202309131626/tools/bin/../lib/gcc/arm-none-eabi/11.3.1/../../../../arm-none-eabi/lib/thumb/v7-m/nofp\libstdc++_nano.a
LOAD C:/ST/STM32CubeIDE_1.9.0/STM32CubeIDE/plugins/com.st.stm32cube.ide.mcu.externaltools.gnu-tools-for-stm32.11.3.rel1.win32_1.1.1.202309131626/tools/bin/../lib/gcc/arm-none-eabi/11.3.1/../../../../arm-none-eabi/lib/thumb/v7-m/nofp\libm.a
LOAD C:/ST/STM32CubeIDE_1.9.0/STM32CubeIDE/plugins/com.st.stm32cube.ide.mcu.externaltools.gnu-tools-for-stm32.11.3.rel1.win32_1.1.1.202309131626/tools/bin/../lib/gcc/arm-none-eabi/11.3.1/../../../../arm-none-eabi/lib/thumb/v7-m/nofp\libc_nano.a
START GROUP
LOAD C:/ST/STM32CubeIDE_1.9.0/STM32CubeIDE/plugins/com.st.stm32cube.ide.mcu.externaltools.gnu-tools-for-stm32.11.3.rel1.win32_1.1.1.202309131626/tools/bin/../lib/gcc/arm-none-eabi/11.3.1/thumb/v7-m/nofp\libgcc.a
LOAD C:/ST/STM32CubeIDE_1.9.0/STM32CubeIDE/plugins/com.st.stm32cube.ide.mcu.externaltools.gnu-tools-for-stm32.11.3.rel1.win32_1.1.1.202309131626/tools/bin/../lib/gcc/arm-none-eabi/11.3.1/../../../../arm-none-eabi/lib/thumb/v7-m/nofp\libc_nano.a
END GROUP
START GROUP
LOAD C:/ST/STM32CubeIDE_1.9.0/STM32CubeIDE/plugins/com.st.stm32cube.ide.mcu.externaltools.gnu-tools-for-stm32.11.3.rel1.win32_1.1.1.202309131626/tools/bin/../lib/gcc/arm-none-eabi/11.3.1/thumb/v7-m/nofp\libgcc.a
LOAD C:/ST/STM32CubeIDE_1.9.0/STM32CubeIDE/plugins/com.st.stm32cube.ide.mcu.externaltools.gnu-tools-for-stm32.11.3.rel1.win32_1.1.1.202309131626/tools/bin/../lib/gcc/arm-none-eabi/11.3.1/../../../../arm-none-eabi/lib/thumb/v7-m/nofp\libc_nano.a
LOAD C:/ST/STM32CubeIDE_1.9.0/STM32CubeIDE/plugins/com.st.stm32cube.ide.mcu.externaltools.gnu-tools-for-stm32.11.3.rel1.win32_1.1.1.202309131626/tools/bin/../lib/gcc/arm-none-eabi/11.3.1/../../../../arm-none-eabi/lib/thumb/v7-m/nofp\libnosys.a
END GROUP
START GROUP
LOAD C:/ST/STM32CubeIDE_1.9.0/STM32CubeIDE/plugins/com.st.stm32cube.ide.mcu.externaltools.gnu-tools-for-stm32.11.3.rel1.win32_1.1.1.202309131626/tools/bin/../lib/gcc/arm-none-eabi/11.3.1/thumb/v7-m/nofp\libgcc.a
LOAD C:/ST/STM32CubeIDE_1.9.0/STM32CubeIDE/plugins/com.st.stm32cube.ide.mcu.externaltools.gnu-tools-for-stm32.11.3.rel1.win32_1.1.1.202309131626/tools/bin/../lib/gcc/arm-none-eabi/11.3.1/../../../../arm-none-eabi/lib/thumb/v7-m/nofp\libc_nano.a
LOAD C:/ST/STM32CubeIDE_1.9.0/STM32CubeIDE/plugins/com.st.stm32cube.ide.mcu.externaltools.gnu-tools-for-stm32.11.3.rel1.win32_1.1.1.202309131626/tools/bin/../lib/gcc/arm-none-eabi/11.3.1/../../../../arm-none-eabi/lib/thumb/v7-m/nofp\libnosys.a
END GROUP
LOAD C:/ST/STM32CubeIDE_1.9.0/STM32CubeIDE/plugins/com.st.stm32cube.ide.mcu.externaltools.gnu-tools-for-stm32.11.3.rel1.win32_1.1.1.202309131626/tools/bin/../lib/gcc/arm-none-eabi/11.3.1/thumb/v7-m/nofp/crtend.o
LOAD C:/ST/STM32CubeIDE_1.9.0/STM32CubeIDE/plugins/com.st.stm32cube.ide.mcu.externaltools.gnu-tools-for-stm32.11.3.rel1.win32_1.1.1.202309131626/tools/bin/../lib/gcc/arm-none-eabi/11.3.1/thumb/v7-m/nofp/crtn.o
                0x0000000020005000                _estack = (ORIGIN (RAM) + LENGTH (RAM))
                0x0000000000000200                _Min_Heap_Size = 0x200
                0x0000000000000400                _Min_Stack_Size = 0x400

.isr_vector     0x0000000008000000      0x10c
                0x0000000008000000                . = ALIGN (0x4)
 *(.isr_vector)
 .isr_vector    0x0000000008000000      0x10c ./Core/Startup/startup_stm32f103c8tx.o
                0x0000000008000000                g_pfnVectors
                0x000000000800010c                . = ALIGN (0x4)

.text           0x000000000800010c     0x3718
                0x000000000800010c                . = ALIGN (0x4)
 *(.text)
 .text          0x000000000800010c       0x40 C:/ST/STM32CubeIDE_1.9.0/STM32CubeIDE/plugins/com.st.stm32cube.ide.mcu.externaltools.gnu-tools-for-stm32.11.3.rel1.win32_1.1.1.202309131626/tools/bin/../lib/gcc/arm-none-eabi/11.3.1/thumb/v7-m/nofp/crtbegin.o
 *(.text*)
 .text._ZN9ServoCtrl11setTIM2DutyEPh
                0x000000000800014c       0x78 ./Core/Src/ServoCtrl.o
                0x000000000800014c                ServoCtrl::setTIM2Duty(unsigned char*)
 .text._ZN9ServoCtrl11setTIM3DutyEPh
                0x00000000080001c4       0x7c ./Core/Src/ServoCtrl.o
                0x00000000080001c4                ServoCtrl::setTIM3Duty(unsigned char*)
 .text._ZN9ServoCtrl7setModeEh
                0x0000000008000240       0x30 ./Core/Src/ServoCtrl.o
                0x0000000008000240                ServoCtrl::setMode(unsigned char)
 .text._ZN9ServoCtrl5resetEv
                0x0000000008000270       0x60 ./Core/Src/ServoCtrl.o
                0x0000000008000270                ServoCtrl::reset()
 .text._ZN9ServoCtrl8startPWMEv
                0x00000000080002d0       0x70 ./Core/Src/ServoCtrl.o
                0x00000000080002d0                ServoCtrl::startPWM()
 .text._ZN9ServoCtrl7stopPWMEv
                0x0000000008000340       0x7c ./Core/Src/ServoCtrl.o
                0x0000000008000340                ServoCtrl::stopPWM()
 .text.main     0x00000000080003bc       0x2a ./Core/Src/main.o
                0x00000000080003bc                main
 .text.SystemClock_Config
                0x00000000080003e6       0x8a ./Core/Src/main.o
                0x00000000080003e6                SystemClock_Config
 .text.MX_CAN_Init
                0x0000000008000470       0x6c ./Core/Src/main.o
 .text.MX_TIM2_Init
                0x00000000080004dc      0x130 ./Core/Src/main.o
 .text.MX_TIM3_Init
                0x000000000800060c      0x130 ./Core/Src/main.o
 .text.MX_USART1_UART_Init
                0x000000000800073c       0x54 ./Core/Src/main.o
 .text.MX_GPIO_Init
                0x0000000008000790       0xf4 ./Core/Src/main.o
 .text.Error_Handler
                0x0000000008000884        0xa ./Core/Src/main.o
                0x0000000008000884                Error_Handler
 *fill*         0x000000000800088e        0x2 
 .text.HAL_MspInit
                0x0000000008000890       0x64 ./Core/Src/stm32f1xx_hal_msp.o
                0x0000000008000890                HAL_MspInit
 .text.HAL_CAN_MspInit
                0x00000000080008f4       0xd0 ./Core/Src/stm32f1xx_hal_msp.o
                0x00000000080008f4                HAL_CAN_MspInit
 .text.HAL_TIM_Base_MspInit
                0x00000000080009c4       0x60 ./Core/Src/stm32f1xx_hal_msp.o
                0x00000000080009c4                HAL_TIM_Base_MspInit
 .text.HAL_TIM_MspPostInit
                0x0000000008000a24       0xd4 ./Core/Src/stm32f1xx_hal_msp.o
                0x0000000008000a24                HAL_TIM_MspPostInit
 .text.HAL_UART_MspInit
                0x0000000008000af8       0xb4 ./Core/Src/stm32f1xx_hal_msp.o
                0x0000000008000af8                HAL_UART_MspInit
 .text.NMI_Handler
                0x0000000008000bac        0x6 ./Core/Src/stm32f1xx_it.o
                0x0000000008000bac                NMI_Handler
 .text.HardFault_Handler
                0x0000000008000bb2        0x6 ./Core/Src/stm32f1xx_it.o
                0x0000000008000bb2                HardFault_Handler
 .text.MemManage_Handler
                0x0000000008000bb8        0x6 ./Core/Src/stm32f1xx_it.o
                0x0000000008000bb8                MemManage_Handler
 .text.BusFault_Handler
                0x0000000008000bbe        0x6 ./Core/Src/stm32f1xx_it.o
                0x0000000008000bbe                BusFault_Handler
 .text.UsageFault_Handler
                0x0000000008000bc4        0x6 ./Core/Src/stm32f1xx_it.o
                0x0000000008000bc4                UsageFault_Handler
 .text.SVC_Handler
                0x0000000008000bca        0xc ./Core/Src/stm32f1xx_it.o
                0x0000000008000bca                SVC_Handler
 .text.DebugMon_Handler
                0x0000000008000bd6        0xc ./Core/Src/stm32f1xx_it.o
                0x0000000008000bd6                DebugMon_Handler
 .text.PendSV_Handler
                0x0000000008000be2        0xc ./Core/Src/stm32f1xx_it.o
                0x0000000008000be2                PendSV_Handler
 .text.SysTick_Handler
                0x0000000008000bee        0xc ./Core/Src/stm32f1xx_it.o
                0x0000000008000bee                SysTick_Handler
 *fill*         0x0000000008000bfa        0x2 
 .text.USB_LP_CAN1_RX0_IRQHandler
                0x0000000008000bfc       0x14 ./Core/Src/stm32f1xx_it.o
                0x0000000008000bfc                USB_LP_CAN1_RX0_IRQHandler
 .text.EXTI15_10_IRQHandler
                0x0000000008000c10       0x10 ./Core/Src/stm32f1xx_it.o
                0x0000000008000c10                EXTI15_10_IRQHandler
 .text.SystemInit
                0x0000000008000c20        0xc ./Core/Src/system_stm32f1xx.o
                0x0000000008000c20                SystemInit
 .text._ZN7CanCtrlC2Ev
                0x0000000008000c2c       0x70 ./Core/Src/wrapper.o
                0x0000000008000c2c                CanCtrl::CanCtrl()
                0x0000000008000c2c                CanCtrl::CanCtrl()
 .text._ZN7CanCtrl7receiveERmPh
                0x0000000008000c9c       0x54 ./Core/Src/wrapper.o
                0x0000000008000c9c                CanCtrl::receive(unsigned long&, unsigned char*)
 .text._ZN7CanCtrl6ledCanEv
                0x0000000008000cf0       0x78 ./Core/Src/wrapper.o
                0x0000000008000cf0                CanCtrl::ledCan()
 .text.HAL_CAN_RxFifo0MsgPendingCallback
                0x0000000008000d68       0x8c ./Core/Src/wrapper.o
                0x0000000008000d68                HAL_CAN_RxFifo0MsgPendingCallback
 .text.HAL_GPIO_EXTI_Callback
                0x0000000008000df4       0x54 ./Core/Src/wrapper.o
                0x0000000008000df4                HAL_GPIO_EXTI_Callback
 .text.main_cpp
                0x0000000008000e48       0xf0 ./Core/Src/wrapper.o
                0x0000000008000e48                main_cpp
 .text._Z41__static_initialization_and_destruction_0ii
                0x0000000008000f38       0x2c ./Core/Src/wrapper.o
 .text._GLOBAL__sub_I_can
                0x0000000008000f64       0x10 ./Core/Src/wrapper.o
 .text.Reset_Handler
                0x0000000008000f74       0x48 ./Core/Startup/startup_stm32f103c8tx.o
                0x0000000008000f74                Reset_Handler
 .text.Default_Handler
                0x0000000008000fbc        0x2 ./Core/Startup/startup_stm32f103c8tx.o
                0x0000000008000fbc                RTC_Alarm_IRQHandler
                0x0000000008000fbc                EXTI2_IRQHandler
                0x0000000008000fbc                TIM1_CC_IRQHandler
                0x0000000008000fbc                PVD_IRQHandler
                0x0000000008000fbc                EXTI3_IRQHandler
                0x0000000008000fbc                EXTI0_IRQHandler
                0x0000000008000fbc                I2C2_EV_IRQHandler
                0x0000000008000fbc                ADC1_2_IRQHandler
                0x0000000008000fbc                SPI1_IRQHandler
                0x0000000008000fbc                TAMPER_IRQHandler
                0x0000000008000fbc                DMA1_Channel4_IRQHandler
                0x0000000008000fbc                USART3_IRQHandler
                0x0000000008000fbc                RTC_IRQHandler
                0x0000000008000fbc                DMA1_Channel7_IRQHandler
                0x0000000008000fbc                CAN1_RX1_IRQHandler
                0x0000000008000fbc                TIM4_IRQHandler
                0x0000000008000fbc                I2C1_EV_IRQHandler
                0x0000000008000fbc                DMA1_Channel6_IRQHandler
                0x0000000008000fbc                TIM3_IRQHandler
                0x0000000008000fbc                RCC_IRQHandler
                0x0000000008000fbc                TIM1_TRG_COM_IRQHandler
                0x0000000008000fbc                DMA1_Channel1_IRQHandler
                0x0000000008000fbc                Default_Handler
                0x0000000008000fbc                EXTI9_5_IRQHandler
                0x0000000008000fbc                SPI2_IRQHandler
                0x0000000008000fbc                DMA1_Channel5_IRQHandler
                0x0000000008000fbc                EXTI4_IRQHandler
                0x0000000008000fbc                USB_HP_CAN1_TX_IRQHandler
                0x0000000008000fbc                DMA1_Channel3_IRQHandler
                0x0000000008000fbc                TIM1_UP_IRQHandler
                0x0000000008000fbc                WWDG_IRQHandler
                0x0000000008000fbc                TIM2_IRQHandler
                0x0000000008000fbc                TIM1_BRK_IRQHandler
                0x0000000008000fbc                EXTI1_IRQHandler
                0x0000000008000fbc                USART2_IRQHandler
                0x0000000008000fbc                I2C2_ER_IRQHandler
                0x0000000008000fbc                DMA1_Channel2_IRQHandler
                0x0000000008000fbc                CAN1_SCE_IRQHandler
                0x0000000008000fbc                FLASH_IRQHandler
                0x0000000008000fbc                USART1_IRQHandler
                0x0000000008000fbc                I2C1_ER_IRQHandler
                0x0000000008000fbc                USBWakeUp_IRQHandler
 *fill*         0x0000000008000fbe        0x2 
 .text.HAL_Init
                0x0000000008000fc0       0x2c ./Drivers/STM32F1xx_HAL_Driver/Src/stm32f1xx_hal.o
                0x0000000008000fc0                HAL_Init
 .text.HAL_InitTick
                0x0000000008000fec       0x60 ./Drivers/STM32F1xx_HAL_Driver/Src/stm32f1xx_hal.o
                0x0000000008000fec                HAL_InitTick
 .text.HAL_IncTick
                0x000000000800104c       0x24 ./Drivers/STM32F1xx_HAL_Driver/Src/stm32f1xx_hal.o
                0x000000000800104c                HAL_IncTick
 .text.HAL_GetTick
                0x0000000008001070       0x14 ./Drivers/STM32F1xx_HAL_Driver/Src/stm32f1xx_hal.o
                0x0000000008001070                HAL_GetTick
 .text.HAL_Delay
                0x0000000008001084       0x48 ./Drivers/STM32F1xx_HAL_Driver/Src/stm32f1xx_hal.o
                0x0000000008001084                HAL_Delay
 .text.HAL_CAN_Init
                0x00000000080010cc      0x1f6 ./Drivers/STM32F1xx_HAL_Driver/Src/stm32f1xx_hal_can.o
                0x00000000080010cc                HAL_CAN_Init
 .text.HAL_CAN_ConfigFilter
                0x00000000080012c2      0x192 ./Drivers/STM32F1xx_HAL_Driver/Src/stm32f1xx_hal_can.o
                0x00000000080012c2                HAL_CAN_ConfigFilter
 .text.HAL_CAN_Start
                0x0000000008001454       0x88 ./Drivers/STM32F1xx_HAL_Driver/Src/stm32f1xx_hal_can.o
                0x0000000008001454                HAL_CAN_Start
 .text.HAL_CAN_GetRxMessage
                0x00000000080014dc      0x242 ./Drivers/STM32F1xx_HAL_Driver/Src/stm32f1xx_hal_can.o
                0x00000000080014dc                HAL_CAN_GetRxMessage
 .text.HAL_CAN_ActivateNotification
                0x000000000800171e       0x4a ./Drivers/STM32F1xx_HAL_Driver/Src/stm32f1xx_hal_can.o
                0x000000000800171e                HAL_CAN_ActivateNotification
 .text.HAL_CAN_IRQHandler
                0x0000000008001768      0x36e ./Drivers/STM32F1xx_HAL_Driver/Src/stm32f1xx_hal_can.o
                0x0000000008001768                HAL_CAN_IRQHandler
 .text.HAL_CAN_TxMailbox0CompleteCallback
                0x0000000008001ad6       0x12 ./Drivers/STM32F1xx_HAL_Driver/Src/stm32f1xx_hal_can.o
                0x0000000008001ad6                HAL_CAN_TxMailbox0CompleteCallback
 .text.HAL_CAN_TxMailbox1CompleteCallback
                0x0000000008001ae8       0x12 ./Drivers/STM32F1xx_HAL_Driver/Src/stm32f1xx_hal_can.o
                0x0000000008001ae8                HAL_CAN_TxMailbox1CompleteCallback
 .text.HAL_CAN_TxMailbox2CompleteCallback
                0x0000000008001afa       0x12 ./Drivers/STM32F1xx_HAL_Driver/Src/stm32f1xx_hal_can.o
                0x0000000008001afa                HAL_CAN_TxMailbox2CompleteCallback
 .text.HAL_CAN_TxMailbox0AbortCallback
                0x0000000008001b0c       0x12 ./Drivers/STM32F1xx_HAL_Driver/Src/stm32f1xx_hal_can.o
                0x0000000008001b0c                HAL_CAN_TxMailbox0AbortCallback
 .text.HAL_CAN_TxMailbox1AbortCallback
                0x0000000008001b1e       0x12 ./Drivers/STM32F1xx_HAL_Driver/Src/stm32f1xx_hal_can.o
                0x0000000008001b1e                HAL_CAN_TxMailbox1AbortCallback
 .text.HAL_CAN_TxMailbox2AbortCallback
                0x0000000008001b30       0x12 ./Drivers/STM32F1xx_HAL_Driver/Src/stm32f1xx_hal_can.o
                0x0000000008001b30                HAL_CAN_TxMailbox2AbortCallback
 .text.HAL_CAN_RxFifo0FullCallback
                0x0000000008001b42       0x12 ./Drivers/STM32F1xx_HAL_Driver/Src/stm32f1xx_hal_can.o
                0x0000000008001b42                HAL_CAN_RxFifo0FullCallback
 .text.HAL_CAN_RxFifo1MsgPendingCallback
                0x0000000008001b54       0x12 ./Drivers/STM32F1xx_HAL_Driver/Src/stm32f1xx_hal_can.o
                0x0000000008001b54                HAL_CAN_RxFifo1MsgPendingCallback
 .text.HAL_CAN_RxFifo1FullCallback
                0x0000000008001b66       0x12 ./Drivers/STM32F1xx_HAL_Driver/Src/stm32f1xx_hal_can.o
                0x0000000008001b66                HAL_CAN_RxFifo1FullCallback
 .text.HAL_CAN_SleepCallback
                0x0000000008001b78       0x12 ./Drivers/STM32F1xx_HAL_Driver/Src/stm32f1xx_hal_can.o
                0x0000000008001b78                HAL_CAN_SleepCallback
 .text.HAL_CAN_WakeUpFromRxMsgCallback
                0x0000000008001b8a       0x12 ./Drivers/STM32F1xx_HAL_Driver/Src/stm32f1xx_hal_can.o
                0x0000000008001b8a                HAL_CAN_WakeUpFromRxMsgCallback
 .text.HAL_CAN_ErrorCallback
                0x0000000008001b9c       0x12 ./Drivers/STM32F1xx_HAL_Driver/Src/stm32f1xx_hal_can.o
                0x0000000008001b9c                HAL_CAN_ErrorCallback
 *fill*         0x0000000008001bae        0x2 
 .text.__NVIC_SetPriorityGrouping
                0x0000000008001bb0       0x48 ./Drivers/STM32F1xx_HAL_Driver/Src/stm32f1xx_hal_cortex.o
 .text.__NVIC_GetPriorityGrouping
                0x0000000008001bf8       0x1c ./Drivers/STM32F1xx_HAL_Driver/Src/stm32f1xx_hal_cortex.o
 .text.__NVIC_EnableIRQ
                0x0000000008001c14       0x38 ./Drivers/STM32F1xx_HAL_Driver/Src/stm32f1xx_hal_cortex.o
 .text.__NVIC_SetPriority
                0x0000000008001c4c       0x54 ./Drivers/STM32F1xx_HAL_Driver/Src/stm32f1xx_hal_cortex.o
 .text.NVIC_EncodePriority
                0x0000000008001ca0       0x64 ./Drivers/STM32F1xx_HAL_Driver/Src/stm32f1xx_hal_cortex.o
 .text.SysTick_Config
                0x0000000008001d04       0x44 ./Drivers/STM32F1xx_HAL_Driver/Src/stm32f1xx_hal_cortex.o
 .text.HAL_NVIC_SetPriorityGrouping
                0x0000000008001d48       0x16 ./Drivers/STM32F1xx_HAL_Driver/Src/stm32f1xx_hal_cortex.o
                0x0000000008001d48                HAL_NVIC_SetPriorityGrouping
 .text.HAL_NVIC_SetPriority
                0x0000000008001d5e       0x38 ./Drivers/STM32F1xx_HAL_Driver/Src/stm32f1xx_hal_cortex.o
                0x0000000008001d5e                HAL_NVIC_SetPriority
 .text.HAL_NVIC_EnableIRQ
                0x0000000008001d96       0x1c ./Drivers/STM32F1xx_HAL_Driver/Src/stm32f1xx_hal_cortex.o
                0x0000000008001d96                HAL_NVIC_EnableIRQ
 .text.HAL_SYSTICK_Config
                0x0000000008001db2       0x18 ./Drivers/STM32F1xx_HAL_Driver/Src/stm32f1xx_hal_cortex.o
                0x0000000008001db2                HAL_SYSTICK_Config
 *fill*         0x0000000008001dca        0x2 
 .text.HAL_GPIO_Init
                0x0000000008001dcc      0x308 ./Drivers/STM32F1xx_HAL_Driver/Src/stm32f1xx_hal_gpio.o
                0x0000000008001dcc                HAL_GPIO_Init
 .text.HAL_GPIO_ReadPin
                0x00000000080020d4       0x2e ./Drivers/STM32F1xx_HAL_Driver/Src/stm32f1xx_hal_gpio.o
                0x00000000080020d4                HAL_GPIO_ReadPin
 .text.HAL_GPIO_WritePin
                0x0000000008002102       0x30 ./Drivers/STM32F1xx_HAL_Driver/Src/stm32f1xx_hal_gpio.o
                0x0000000008002102                HAL_GPIO_WritePin
 *fill*         0x0000000008002132        0x2 
 .text.HAL_GPIO_EXTI_IRQHandler
                0x0000000008002134       0x30 ./Drivers/STM32F1xx_HAL_Driver/Src/stm32f1xx_hal_gpio.o
                0x0000000008002134                HAL_GPIO_EXTI_IRQHandler
 .text.HAL_RCC_OscConfig
                0x0000000008002164      0x504 ./Drivers/STM32F1xx_HAL_Driver/Src/stm32f1xx_hal_rcc.o
                0x0000000008002164                HAL_RCC_OscConfig
 .text.HAL_RCC_ClockConfig
                0x0000000008002668      0x1d4 ./Drivers/STM32F1xx_HAL_Driver/Src/stm32f1xx_hal_rcc.o
                0x0000000008002668                HAL_RCC_ClockConfig
 .text.HAL_RCC_GetSysClockFreq
                0x000000000800283c       0xa8 ./Drivers/STM32F1xx_HAL_Driver/Src/stm32f1xx_hal_rcc.o
                0x000000000800283c                HAL_RCC_GetSysClockFreq
 .text.HAL_RCC_GetHCLKFreq
                0x00000000080028e4       0x14 ./Drivers/STM32F1xx_HAL_Driver/Src/stm32f1xx_hal_rcc.o
                0x00000000080028e4                HAL_RCC_GetHCLKFreq
 .text.HAL_RCC_GetPCLK1Freq
                0x00000000080028f8       0x28 ./Drivers/STM32F1xx_HAL_Driver/Src/stm32f1xx_hal_rcc.o
                0x00000000080028f8                HAL_RCC_GetPCLK1Freq
 .text.HAL_RCC_GetPCLK2Freq
                0x0000000008002920       0x28 ./Drivers/STM32F1xx_HAL_Driver/Src/stm32f1xx_hal_rcc.o
                0x0000000008002920                HAL_RCC_GetPCLK2Freq
 .text.RCC_Delay
                0x0000000008002948       0x3c ./Drivers/STM32F1xx_HAL_Driver/Src/stm32f1xx_hal_rcc.o
 .text.HAL_TIM_Base_Init
                0x0000000008002984       0x9e ./Drivers/STM32F1xx_HAL_Driver/Src/stm32f1xx_hal_tim.o
                0x0000000008002984                HAL_TIM_Base_Init
 .text.HAL_TIM_PWM_Init
                0x0000000008002a22       0x9e ./Drivers/STM32F1xx_HAL_Driver/Src/stm32f1xx_hal_tim.o
                0x0000000008002a22                HAL_TIM_PWM_Init
 .text.HAL_TIM_PWM_MspInit
                0x0000000008002ac0       0x12 ./Drivers/STM32F1xx_HAL_Driver/Src/stm32f1xx_hal_tim.o
                0x0000000008002ac0                HAL_TIM_PWM_MspInit
 *fill*         0x0000000008002ad2        0x2 
 .text.HAL_TIM_PWM_Start
                0x0000000008002ad4      0x144 ./Drivers/STM32F1xx_HAL_Driver/Src/stm32f1xx_hal_tim.o
                0x0000000008002ad4                HAL_TIM_PWM_Start
 .text.HAL_TIM_PWM_Stop
                0x0000000008002c18       0xc8 ./Drivers/STM32F1xx_HAL_Driver/Src/stm32f1xx_hal_tim.o
                0x0000000008002c18                HAL_TIM_PWM_Stop
 .text.HAL_TIM_PWM_ConfigChannel
                0x0000000008002ce0      0x184 ./Drivers/STM32F1xx_HAL_Driver/Src/stm32f1xx_hal_tim.o
                0x0000000008002ce0                HAL_TIM_PWM_ConfigChannel
 .text.HAL_TIM_ConfigClockSource
                0x0000000008002e64      0x18e ./Drivers/STM32F1xx_HAL_Driver/Src/stm32f1xx_hal_tim.o
                0x0000000008002e64                HAL_TIM_ConfigClockSource
 *fill*         0x0000000008002ff2        0x2 
 .text.TIM_Base_SetConfig
                0x0000000008002ff4       0xc4 ./Drivers/STM32F1xx_HAL_Driver/Src/stm32f1xx_hal_tim.o
                0x0000000008002ff4                TIM_Base_SetConfig
 .text.TIM_OC1_SetConfig
                0x00000000080030b8       0xcc ./Drivers/STM32F1xx_HAL_Driver/Src/stm32f1xx_hal_tim.o
 .text.TIM_OC2_SetConfig
                0x0000000008003184       0xd4 ./Drivers/STM32F1xx_HAL_Driver/Src/stm32f1xx_hal_tim.o
                0x0000000008003184                TIM_OC2_SetConfig
 .text.TIM_OC3_SetConfig
                0x0000000008003258       0xd4 ./Drivers/STM32F1xx_HAL_Driver/Src/stm32f1xx_hal_tim.o
 .text.TIM_OC4_SetConfig
                0x000000000800332c       0x9c ./Drivers/STM32F1xx_HAL_Driver/Src/stm32f1xx_hal_tim.o
 .text.TIM_TI1_ConfigInputStage
                0x00000000080033c8       0x5c ./Drivers/STM32F1xx_HAL_Driver/Src/stm32f1xx_hal_tim.o
 .text.TIM_TI2_ConfigInputStage
                0x0000000008003424       0x5e ./Drivers/STM32F1xx_HAL_Driver/Src/stm32f1xx_hal_tim.o
 .text.TIM_ITRx_SetConfig
                0x0000000008003482       0x34 ./Drivers/STM32F1xx_HAL_Driver/Src/stm32f1xx_hal_tim.o
 .text.TIM_ETR_SetConfig
                0x00000000080034b6       0x3e ./Drivers/STM32F1xx_HAL_Driver/Src/stm32f1xx_hal_tim.o
                0x00000000080034b6                TIM_ETR_SetConfig
 .text.TIM_CCxChannelCmd
                0x00000000080034f4       0x48 ./Drivers/STM32F1xx_HAL_Driver/Src/stm32f1xx_hal_tim.o
                0x00000000080034f4                TIM_CCxChannelCmd
 .text.HAL_TIMEx_MasterConfigSynchronization
                0x000000000800353c       0xbc ./Drivers/STM32F1xx_HAL_Driver/Src/stm32f1xx_hal_tim_ex.o
                0x000000000800353c                HAL_TIMEx_MasterConfigSynchronization
 .text.HAL_UART_Init
                0x00000000080035f8       0xa0 ./Drivers/STM32F1xx_HAL_Driver/Src/stm32f1xx_hal_uart.o
                0x00000000080035f8                HAL_UART_Init
 .text.UART_SetConfig
                0x0000000008003698      0x11c ./Drivers/STM32F1xx_HAL_Driver/Src/stm32f1xx_hal_uart.o
 .text.memset   0x00000000080037b4       0x10 C:/ST/STM32CubeIDE_1.9.0/STM32CubeIDE/plugins/com.st.stm32cube.ide.mcu.externaltools.gnu-tools-for-stm32.11.3.rel1.win32_1.1.1.202309131626/tools/bin/../lib/gcc/arm-none-eabi/11.3.1/../../../../arm-none-eabi/lib/thumb/v7-m/nofp\libc_nano.a(libc_a-memset.o)
                0x00000000080037b4                memset
 .text.__libc_init_array
                0x00000000080037c4       0x48 C:/ST/STM32CubeIDE_1.9.0/STM32CubeIDE/plugins/com.st.stm32cube.ide.mcu.externaltools.gnu-tools-for-stm32.11.3.rel1.win32_1.1.1.202309131626/tools/bin/../lib/gcc/arm-none-eabi/11.3.1/../../../../arm-none-eabi/lib/thumb/v7-m/nofp\libc_nano.a(libc_a-init.o)
                0x00000000080037c4                __libc_init_array
 *(.glue_7)
 .glue_7        0x000000000800380c        0x0 linker stubs
 *(.glue_7t)
 .glue_7t       0x000000000800380c        0x0 linker stubs
 *(.eh_frame)
 .eh_frame      0x000000000800380c        0x0 C:/ST/STM32CubeIDE_1.9.0/STM32CubeIDE/plugins/com.st.stm32cube.ide.mcu.externaltools.gnu-tools-for-stm32.11.3.rel1.win32_1.1.1.202309131626/tools/bin/../lib/gcc/arm-none-eabi/11.3.1/thumb/v7-m/nofp/crtbegin.o
 *(.init)
 .init          0x000000000800380c        0x4 C:/ST/STM32CubeIDE_1.9.0/STM32CubeIDE/plugins/com.st.stm32cube.ide.mcu.externaltools.gnu-tools-for-stm32.11.3.rel1.win32_1.1.1.202309131626/tools/bin/../lib/gcc/arm-none-eabi/11.3.1/thumb/v7-m/nofp/crti.o
                0x000000000800380c                _init
 .init          0x0000000008003810        0x8 C:/ST/STM32CubeIDE_1.9.0/STM32CubeIDE/plugins/com.st.stm32cube.ide.mcu.externaltools.gnu-tools-for-stm32.11.3.rel1.win32_1.1.1.202309131626/tools/bin/../lib/gcc/arm-none-eabi/11.3.1/thumb/v7-m/nofp/crtn.o
 *(.fini)
 .fini          0x0000000008003818        0x4 C:/ST/STM32CubeIDE_1.9.0/STM32CubeIDE/plugins/com.st.stm32cube.ide.mcu.externaltools.gnu-tools-for-stm32.11.3.rel1.win32_1.1.1.202309131626/tools/bin/../lib/gcc/arm-none-eabi/11.3.1/thumb/v7-m/nofp/crti.o
                0x0000000008003818                _fini
 .fini          0x000000000800381c        0x8 C:/ST/STM32CubeIDE_1.9.0/STM32CubeIDE/plugins/com.st.stm32cube.ide.mcu.externaltools.gnu-tools-for-stm32.11.3.rel1.win32_1.1.1.202309131626/tools/bin/../lib/gcc/arm-none-eabi/11.3.1/thumb/v7-m/nofp/crtn.o
                0x0000000008003824                . = ALIGN (0x4)
                0x0000000008003824                _etext = .

.vfp11_veneer   0x0000000008003824        0x0
 .vfp11_veneer  0x0000000008003824        0x0 linker stubs

.v4_bx          0x0000000008003824        0x0
 .v4_bx         0x0000000008003824        0x0 linker stubs

.iplt           0x0000000008003824        0x0
 .iplt          0x0000000008003824        0x0 C:/ST/STM32CubeIDE_1.9.0/STM32CubeIDE/plugins/com.st.stm32cube.ide.mcu.externaltools.gnu-tools-for-stm32.11.3.rel1.win32_1.1.1.202309131626/tools/bin/../lib/gcc/arm-none-eabi/11.3.1/thumb/v7-m/nofp/crtbegin.o

.rodata         0x0000000008003824       0x2c
                0x0000000008003824                . = ALIGN (0x4)
 *(.rodata)
 *(.rodata*)
 .rodata.AHBPrescTable
                0x0000000008003824       0x10 ./Core/Src/system_stm32f1xx.o
                0x0000000008003824                AHBPrescTable
 .rodata.APBPrescTable
                0x0000000008003834        0x8 ./Core/Src/system_stm32f1xx.o
                0x0000000008003834                APBPrescTable
 .rodata.aPLLMULFactorTable.1
                0x000000000800383c       0x10 ./Drivers/STM32F1xx_HAL_Driver/Src/stm32f1xx_hal_rcc.o
 .rodata.aPredivFactorTable.0
                0x000000000800384c        0x2 ./Drivers/STM32F1xx_HAL_Driver/Src/stm32f1xx_hal_rcc.o
                0x0000000008003850                . = ALIGN (0x4)
 *fill*         0x000000000800384e        0x2 

.rel.dyn        0x0000000008003850        0x0
 .rel.iplt      0x0000000008003850        0x0 C:/ST/STM32CubeIDE_1.9.0/STM32CubeIDE/plugins/com.st.stm32cube.ide.mcu.externaltools.gnu-tools-for-stm32.11.3.rel1.win32_1.1.1.202309131626/tools/bin/../lib/gcc/arm-none-eabi/11.3.1/thumb/v7-m/nofp/crtbegin.o

.ARM.extab      0x0000000008003850        0x0
                0x0000000008003850                . = ALIGN (0x4)
 *(.ARM.extab* .gnu.linkonce.armextab.*)
                0x0000000008003850                . = ALIGN (0x4)

.ARM            0x0000000008003850        0x0
                0x0000000008003850                . = ALIGN (0x4)
                0x0000000008003850                __exidx_start = .
 *(.ARM.exidx*)
                0x0000000008003850                __exidx_end = .
                0x0000000008003850                . = ALIGN (0x4)

.preinit_array  0x0000000008003850        0x0
                0x0000000008003850                . = ALIGN (0x4)
                0x0000000008003850                PROVIDE (__preinit_array_start = .)
 *(.preinit_array*)
                0x0000000008003850                PROVIDE (__preinit_array_end = .)
                0x0000000008003850                . = ALIGN (0x4)

.init_array     0x0000000008003850        0x8
                0x0000000008003850                . = ALIGN (0x4)
                0x0000000008003850                PROVIDE (__init_array_start = .)
 *(SORT_BY_NAME(.init_array.*))
 *(.init_array*)
 .init_array    0x0000000008003850        0x4 C:/ST/STM32CubeIDE_1.9.0/STM32CubeIDE/plugins/com.st.stm32cube.ide.mcu.externaltools.gnu-tools-for-stm32.11.3.rel1.win32_1.1.1.202309131626/tools/bin/../lib/gcc/arm-none-eabi/11.3.1/thumb/v7-m/nofp/crtbegin.o
 .init_array    0x0000000008003854        0x4 ./Core/Src/wrapper.o
                0x0000000008003858                PROVIDE (__init_array_end = .)
                0x0000000008003858                . = ALIGN (0x4)

.fini_array     0x0000000008003858        0x4
                0x0000000008003858                . = ALIGN (0x4)
                [!provide]                        PROVIDE (__fini_array_start = .)
 *(SORT_BY_NAME(.fini_array.*))
 *(.fini_array*)
 .fini_array    0x0000000008003858        0x4 C:/ST/STM32CubeIDE_1.9.0/STM32CubeIDE/plugins/com.st.stm32cube.ide.mcu.externaltools.gnu-tools-for-stm32.11.3.rel1.win32_1.1.1.202309131626/tools/bin/../lib/gcc/arm-none-eabi/11.3.1/thumb/v7-m/nofp/crtbegin.o
                [!provide]                        PROVIDE (__fini_array_end = .)
                0x000000000800385c                . = ALIGN (0x4)
                0x000000000800385c                _sidata = LOADADDR (.data)

.data           0x0000000020000000       0x28 load address 0x000000000800385c
                0x0000000020000000                . = ALIGN (0x4)
                0x0000000020000000                _sdata = .
 *(.data)
 *(.data*)
 .data.SystemCoreClock
                0x0000000020000000        0x4 ./Core/Src/system_stm32f1xx.o
                0x0000000020000000                SystemCoreClock
 .data.servo    0x0000000020000004       0x1c ./Core/Src/wrapper.o
                0x0000000020000004                servo
 .data.uwTickPrio
                0x0000000020000020        0x4 ./Drivers/STM32F1xx_HAL_Driver/Src/stm32f1xx_hal.o
                0x0000000020000020                uwTickPrio
 .data.uwTickFreq
                0x0000000020000024        0x1 ./Drivers/STM32F1xx_HAL_Driver/Src/stm32f1xx_hal.o
                0x0000000020000024                uwTickFreq
 *(.RamFunc)
 *(.RamFunc*)
                0x0000000020000028                . = ALIGN (0x4)
 *fill*         0x0000000020000025        0x3 
                0x0000000020000028                _edata = .

.igot.plt       0x0000000020000028        0x0 load address 0x0000000008003884
 .igot.plt      0x0000000020000028        0x0 C:/ST/STM32CubeIDE_1.9.0/STM32CubeIDE/plugins/com.st.stm32cube.ide.mcu.externaltools.gnu-tools-for-stm32.11.3.rel1.win32_1.1.1.202309131626/tools/bin/../lib/gcc/arm-none-eabi/11.3.1/thumb/v7-m/nofp/crtbegin.o
                0x0000000020000028                . = ALIGN (0x4)

.bss            0x0000000020000028      0x170 load address 0x0000000008003884
                0x0000000020000028                _sbss = .
                0x0000000020000028                __bss_start__ = _sbss
 *(.bss)
 .bss           0x0000000020000028       0x1c C:/ST/STM32CubeIDE_1.9.0/STM32CubeIDE/plugins/com.st.stm32cube.ide.mcu.externaltools.gnu-tools-for-stm32.11.3.rel1.win32_1.1.1.202309131626/tools/bin/../lib/gcc/arm-none-eabi/11.3.1/thumb/v7-m/nofp/crtbegin.o
 *(.bss*)
 .bss.hcan      0x0000000020000044       0x28 ./Core/Src/main.o
                0x0000000020000044                hcan
 .bss.htim2     0x000000002000006c       0x48 ./Core/Src/main.o
                0x000000002000006c                htim2
 .bss.htim3     0x00000000200000b4       0x48 ./Core/Src/main.o
                0x00000000200000b4                htim3
 .bss.huart1    0x00000000200000fc       0x48 ./Core/Src/main.o
                0x00000000200000fc                huart1
 .bss.can       0x0000000020000144       0x50 ./Core/Src/wrapper.o
                0x0000000020000144                can
 .bss.uwTick    0x0000000020000194        0x4 ./Drivers/STM32F1xx_HAL_Driver/Src/stm32f1xx_hal.o
                0x0000000020000194                uwTick
 *(COMMON)
                0x0000000020000198                . = ALIGN (0x4)
                0x0000000020000198                _ebss = .
                0x0000000020000198                __bss_end__ = _ebss

._user_heap_stack
                0x0000000020000198      0x600 load address 0x0000000008003884
                0x0000000020000198                . = ALIGN (0x8)
                [!provide]                        PROVIDE (end = .)
                0x0000000020000198                PROVIDE (_end = .)
                0x0000000020000398                . = (. + _Min_Heap_Size)
 *fill*         0x0000000020000198      0x200 
                0x0000000020000798                . = (. + _Min_Stack_Size)
 *fill*         0x0000000020000398      0x400 
                0x0000000020000798                . = ALIGN (0x8)

/DISCARD/
 libc.a(*)
 libm.a(*)
 libgcc.a(*)

.ARM.attributes
                0x0000000000000000       0x29
 *(.ARM.attributes)
 .ARM.attributes
                0x0000000000000000       0x1d C:/ST/STM32CubeIDE_1.9.0/STM32CubeIDE/plugins/com.st.stm32cube.ide.mcu.externaltools.gnu-tools-for-stm32.11.3.rel1.win32_1.1.1.202309131626/tools/bin/../lib/gcc/arm-none-eabi/11.3.1/thumb/v7-m/nofp/crti.o
 .ARM.attributes
                0x000000000000001d       0x2d C:/ST/STM32CubeIDE_1.9.0/STM32CubeIDE/plugins/com.st.stm32cube.ide.mcu.externaltools.gnu-tools-for-stm32.11.3.rel1.win32_1.1.1.202309131626/tools/bin/../lib/gcc/arm-none-eabi/11.3.1/thumb/v7-m/nofp/crtbegin.o
 .ARM.attributes
                0x000000000000004a       0x2d ./Core/Src/ServoCtrl.o
 .ARM.attributes
                0x0000000000000077       0x2d ./Core/Src/main.o
 .ARM.attributes
                0x00000000000000a4       0x2d ./Core/Src/stm32f1xx_hal_msp.o
 .ARM.attributes
                0x00000000000000d1       0x2d ./Core/Src/stm32f1xx_it.o
 .ARM.attributes
                0x00000000000000fe       0x2d ./Core/Src/system_stm32f1xx.o
 .ARM.attributes
                0x000000000000012b       0x2d ./Core/Src/wrapper.o
 .ARM.attributes
                0x0000000000000158       0x21 ./Core/Startup/startup_stm32f103c8tx.o
 .ARM.attributes
                0x0000000000000179       0x2d ./Drivers/STM32F1xx_HAL_Driver/Src/stm32f1xx_hal.o
 .ARM.attributes
                0x00000000000001a6       0x2d ./Drivers/STM32F1xx_HAL_Driver/Src/stm32f1xx_hal_can.o
 .ARM.attributes
                0x00000000000001d3       0x2d ./Drivers/STM32F1xx_HAL_Driver/Src/stm32f1xx_hal_cortex.o
 .ARM.attributes
                0x0000000000000200       0x2d ./Drivers/STM32F1xx_HAL_Driver/Src/stm32f1xx_hal_gpio.o
 .ARM.attributes
                0x000000000000022d       0x2d ./Drivers/STM32F1xx_HAL_Driver/Src/stm32f1xx_hal_rcc.o
 .ARM.attributes
                0x000000000000025a       0x2d ./Drivers/STM32F1xx_HAL_Driver/Src/stm32f1xx_hal_tim.o
 .ARM.attributes
                0x0000000000000287       0x2d ./Drivers/STM32F1xx_HAL_Driver/Src/stm32f1xx_hal_tim_ex.o
 .ARM.attributes
                0x00000000000002b4       0x2d ./Drivers/STM32F1xx_HAL_Driver/Src/stm32f1xx_hal_uart.o
 .ARM.attributes
                0x00000000000002e1       0x2d C:/ST/STM32CubeIDE_1.9.0/STM32CubeIDE/plugins/com.st.stm32cube.ide.mcu.externaltools.gnu-tools-for-stm32.11.3.rel1.win32_1.1.1.202309131626/tools/bin/../lib/gcc/arm-none-eabi/11.3.1/../../../../arm-none-eabi/lib/thumb/v7-m/nofp\libc_nano.a(libc_a-memset.o)
 .ARM.attributes
                0x000000000000030e       0x2d C:/ST/STM32CubeIDE_1.9.0/STM32CubeIDE/plugins/com.st.stm32cube.ide.mcu.externaltools.gnu-tools-for-stm32.11.3.rel1.win32_1.1.1.202309131626/tools/bin/../lib/gcc/arm-none-eabi/11.3.1/../../../../arm-none-eabi/lib/thumb/v7-m/nofp\libc_nano.a(libc_a-init.o)
 .ARM.attributes
                0x000000000000033b       0x1d C:/ST/STM32CubeIDE_1.9.0/STM32CubeIDE/plugins/com.st.stm32cube.ide.mcu.externaltools.gnu-tools-for-stm32.11.3.rel1.win32_1.1.1.202309131626/tools/bin/../lib/gcc/arm-none-eabi/11.3.1/thumb/v7-m/nofp/crtn.o
OUTPUT(ServoBoard_fw.elf elf32-littlearm)
LOAD linker stubs
LOAD C:/ST/STM32CubeIDE_1.9.0/STM32CubeIDE/plugins/com.st.stm32cube.ide.mcu.externaltools.gnu-tools-for-stm32.11.3.rel1.win32_1.1.1.202309131626/tools/bin/../lib/gcc/arm-none-eabi/11.3.1/../../../../arm-none-eabi/lib/thumb/v7-m/nofp\libc.a
LOAD C:/ST/STM32CubeIDE_1.9.0/STM32CubeIDE/plugins/com.st.stm32cube.ide.mcu.externaltools.gnu-tools-for-stm32.11.3.rel1.win32_1.1.1.202309131626/tools/bin/../lib/gcc/arm-none-eabi/11.3.1/../../../../arm-none-eabi/lib/thumb/v7-m/nofp\libm.a
LOAD C:/ST/STM32CubeIDE_1.9.0/STM32CubeIDE/plugins/com.st.stm32cube.ide.mcu.externaltools.gnu-tools-for-stm32.11.3.rel1.win32_1.1.1.202309131626/tools/bin/../lib/gcc/arm-none-eabi/11.3.1/thumb/v7-m/nofp\libgcc.a

.comment        0x0000000000000000       0x43
 .comment       0x0000000000000000       0x43 C:/ST/STM32CubeIDE_1.9.0/STM32CubeIDE/plugins/com.st.stm32cube.ide.mcu.externaltools.gnu-tools-for-stm32.11.3.rel1.win32_1.1.1.202309131626/tools/bin/../lib/gcc/arm-none-eabi/11.3.1/thumb/v7-m/nofp/crtbegin.o
                                         0x44 (size before relaxing)
 .comment       0x0000000000000043       0x44 ./Core/Src/ServoCtrl.o
 .comment       0x0000000000000043       0x44 ./Core/Src/main.o
 .comment       0x0000000000000043       0x44 ./Core/Src/stm32f1xx_hal_msp.o
 .comment       0x0000000000000043       0x44 ./Core/Src/stm32f1xx_it.o
 .comment       0x0000000000000043       0x44 ./Core/Src/system_stm32f1xx.o
 .comment       0x0000000000000043       0x44 ./Core/Src/wrapper.o
 .comment       0x0000000000000043       0x44 ./Drivers/STM32F1xx_HAL_Driver/Src/stm32f1xx_hal.o
 .comment       0x0000000000000043       0x44 ./Drivers/STM32F1xx_HAL_Driver/Src/stm32f1xx_hal_can.o
 .comment       0x0000000000000043       0x44 ./Drivers/STM32F1xx_HAL_Driver/Src/stm32f1xx_hal_cortex.o
 .comment       0x0000000000000043       0x44 ./Drivers/STM32F1xx_HAL_Driver/Src/stm32f1xx_hal_gpio.o
 .comment       0x0000000000000043       0x44 ./Drivers/STM32F1xx_HAL_Driver/Src/stm32f1xx_hal_rcc.o
 .comment       0x0000000000000043       0x44 ./Drivers/STM32F1xx_HAL_Driver/Src/stm32f1xx_hal_tim.o
 .comment       0x0000000000000043       0x44 ./Drivers/STM32F1xx_HAL_Driver/Src/stm32f1xx_hal_tim_ex.o
 .comment       0x0000000000000043       0x44 ./Drivers/STM32F1xx_HAL_Driver/Src/stm32f1xx_hal_uart.o

.debug_info     0x0000000000000000     0xe0f1
 .debug_info    0x0000000000000000      0xb0c ./Core/Src/ServoCtrl.o
 .debug_info    0x0000000000000b0c     0x148b ./Core/Src/main.o
 .debug_info    0x0000000000001f97     0x1250 ./Core/Src/stm32f1xx_hal_msp.o
 .debug_info    0x00000000000031e7      0x540 ./Core/Src/stm32f1xx_it.o
 .debug_info    0x0000000000003727      0x222 ./Core/Src/system_stm32f1xx.o
 .debug_info    0x0000000000003949      0xbd5 ./Core/Src/wrapper.o
 .debug_info    0x000000000000451e       0x23 ./Core/Startup/startup_stm32f103c8tx.o
 .debug_info    0x0000000000004541      0x704 ./Drivers/STM32F1xx_HAL_Driver/Src/stm32f1xx_hal.o
 .debug_info    0x0000000000004c45      0xf27 ./Drivers/STM32F1xx_HAL_Driver/Src/stm32f1xx_hal_can.o
 .debug_info    0x0000000000005b6c      0xa87 ./Drivers/STM32F1xx_HAL_Driver/Src/stm32f1xx_hal_cortex.o
 .debug_info    0x00000000000065f3      0x5ab ./Drivers/STM32F1xx_HAL_Driver/Src/stm32f1xx_hal_gpio.o
 .debug_info    0x0000000000006b9e      0x7d5 ./Drivers/STM32F1xx_HAL_Driver/Src/stm32f1xx_hal_rcc.o
 .debug_info    0x0000000000007373     0x293b ./Drivers/STM32F1xx_HAL_Driver/Src/stm32f1xx_hal_tim.o
 .debug_info    0x0000000000009cae     0x149b ./Drivers/STM32F1xx_HAL_Driver/Src/stm32f1xx_hal_tim_ex.o
 .debug_info    0x000000000000b149     0x2fa8 ./Drivers/STM32F1xx_HAL_Driver/Src/stm32f1xx_hal_uart.o

.debug_abbrev   0x0000000000000000     0x2231
 .debug_abbrev  0x0000000000000000      0x286 ./Core/Src/ServoCtrl.o
 .debug_abbrev  0x0000000000000286      0x32e ./Core/Src/main.o
 .debug_abbrev  0x00000000000005b4      0x27f ./Core/Src/stm32f1xx_hal_msp.o
 .debug_abbrev  0x0000000000000833      0x1a2 ./Core/Src/stm32f1xx_it.o
 .debug_abbrev  0x00000000000009d5      0x13f ./Core/Src/system_stm32f1xx.o
 .debug_abbrev  0x0000000000000b14      0x377 ./Core/Src/wrapper.o
 .debug_abbrev  0x0000000000000e8b       0x12 ./Core/Startup/startup_stm32f103c8tx.o
 .debug_abbrev  0x0000000000000e9d      0x201 ./Drivers/STM32F1xx_HAL_Driver/Src/stm32f1xx_hal.o
 .debug_abbrev  0x000000000000109e      0x22d ./Drivers/STM32F1xx_HAL_Driver/Src/stm32f1xx_hal_can.o
 .debug_abbrev  0x00000000000012cb      0x2f8 ./Drivers/STM32F1xx_HAL_Driver/Src/stm32f1xx_hal_cortex.o
 .debug_abbrev  0x00000000000015c3      0x1ca ./Drivers/STM32F1xx_HAL_Driver/Src/stm32f1xx_hal_gpio.o
 .debug_abbrev  0x000000000000178d      0x2b3 ./Drivers/STM32F1xx_HAL_Driver/Src/stm32f1xx_hal_rcc.o
 .debug_abbrev  0x0000000000001a40      0x277 ./Drivers/STM32F1xx_HAL_Driver/Src/stm32f1xx_hal_tim.o
 .debug_abbrev  0x0000000000001cb7      0x282 ./Drivers/STM32F1xx_HAL_Driver/Src/stm32f1xx_hal_tim_ex.o
 .debug_abbrev  0x0000000000001f39      0x2f8 ./Drivers/STM32F1xx_HAL_Driver/Src/stm32f1xx_hal_uart.o

.debug_aranges  0x0000000000000000      0xd60
 .debug_aranges
                0x0000000000000000       0x58 ./Core/Src/ServoCtrl.o
 .debug_aranges
                0x0000000000000058       0x58 ./Core/Src/main.o
 .debug_aranges
                0x00000000000000b0       0x58 ./Core/Src/stm32f1xx_hal_msp.o
 .debug_aranges
                0x0000000000000108       0x70 ./Core/Src/stm32f1xx_it.o
 .debug_aranges
                0x0000000000000178       0x28 ./Core/Src/system_stm32f1xx.o
 .debug_aranges
                0x00000000000001a0       0x58 ./Core/Src/wrapper.o
 .debug_aranges
                0x00000000000001f8       0x28 ./Core/Startup/startup_stm32f103c8tx.o
 .debug_aranges
                0x0000000000000220       0xe0 ./Drivers/STM32F1xx_HAL_Driver/Src/stm32f1xx_hal.o
 .debug_aranges
                0x0000000000000300      0x138 ./Drivers/STM32F1xx_HAL_Driver/Src/stm32f1xx_hal_can.o
 .debug_aranges
                0x0000000000000438      0x100 ./Drivers/STM32F1xx_HAL_Driver/Src/stm32f1xx_hal_cortex.o
 .debug_aranges
                0x0000000000000538       0x58 ./Drivers/STM32F1xx_HAL_Driver/Src/stm32f1xx_hal_gpio.o
 .debug_aranges
                0x0000000000000590       0x90 ./Drivers/STM32F1xx_HAL_Driver/Src/stm32f1xx_hal_rcc.o
 .debug_aranges
                0x0000000000000620      0x3d0 ./Drivers/STM32F1xx_HAL_Driver/Src/stm32f1xx_hal_tim.o
 .debug_aranges
                0x00000000000009f0      0x168 ./Drivers/STM32F1xx_HAL_Driver/Src/stm32f1xx_hal_tim_ex.o
 .debug_aranges
                0x0000000000000b58      0x208 ./Drivers/STM32F1xx_HAL_Driver/Src/stm32f1xx_hal_uart.o

.debug_rnglists
                0x0000000000000000      0xa71
 .debug_rnglists
                0x0000000000000000       0x3d ./Core/Src/ServoCtrl.o
 .debug_rnglists
                0x000000000000003d       0x41 ./Core/Src/main.o
 .debug_rnglists
                0x000000000000007e       0x40 ./Core/Src/stm32f1xx_hal_msp.o
 .debug_rnglists
                0x00000000000000be       0x4f ./Core/Src/stm32f1xx_it.o
 .debug_rnglists
                0x000000000000010d       0x1a ./Core/Src/system_stm32f1xx.o
 .debug_rnglists
                0x0000000000000127       0x3f ./Core/Src/wrapper.o
 .debug_rnglists
                0x0000000000000166       0x19 ./Core/Startup/startup_stm32f103c8tx.o
 .debug_rnglists
                0x000000000000017f       0xa3 ./Drivers/STM32F1xx_HAL_Driver/Src/stm32f1xx_hal.o
 .debug_rnglists
                0x0000000000000222       0xee ./Drivers/STM32F1xx_HAL_Driver/Src/stm32f1xx_hal_can.o
 .debug_rnglists
                0x0000000000000310       0xbb ./Drivers/STM32F1xx_HAL_Driver/Src/stm32f1xx_hal_cortex.o
 .debug_rnglists
                0x00000000000003cb       0x3f ./Drivers/STM32F1xx_HAL_Driver/Src/stm32f1xx_hal_gpio.o
 .debug_rnglists
                0x000000000000040a       0x6c ./Drivers/STM32F1xx_HAL_Driver/Src/stm32f1xx_hal_rcc.o
 .debug_rnglists
                0x0000000000000476      0x31a ./Drivers/STM32F1xx_HAL_Driver/Src/stm32f1xx_hal_tim.o
 .debug_rnglists
                0x0000000000000790      0x125 ./Drivers/STM32F1xx_HAL_Driver/Src/stm32f1xx_hal_tim_ex.o
 .debug_rnglists
                0x00000000000008b5      0x1bc ./Drivers/STM32F1xx_HAL_Driver/Src/stm32f1xx_hal_uart.o

.debug_macro    0x0000000000000000    0x19dd7
 .debug_macro   0x0000000000000000      0x2bf ./Core/Src/ServoCtrl.o
 .debug_macro   0x00000000000002bf      0xb74 ./Core/Src/ServoCtrl.o
 .debug_macro   0x0000000000000e33      0x221 ./Core/Src/ServoCtrl.o
 .debug_macro   0x0000000000001054       0x2e ./Core/Src/ServoCtrl.o
 .debug_macro   0x0000000000001082       0x22 ./Core/Src/ServoCtrl.o
 .debug_macro   0x00000000000010a4       0x1c ./Core/Src/ServoCtrl.o
 .debug_macro   0x00000000000010c0       0x22 ./Core/Src/ServoCtrl.o
 .debug_macro   0x00000000000010e2       0x8e ./Core/Src/ServoCtrl.o
 .debug_macro   0x0000000000001170       0x51 ./Core/Src/ServoCtrl.o
 .debug_macro   0x00000000000011c1      0x103 ./Core/Src/ServoCtrl.o
 .debug_macro   0x00000000000012c4       0x6a ./Core/Src/ServoCtrl.o
 .debug_macro   0x000000000000132e      0x1df ./Core/Src/ServoCtrl.o
 .debug_macro   0x000000000000150d       0x1c ./Core/Src/ServoCtrl.o
 .debug_macro   0x0000000000001529       0x22 ./Core/Src/ServoCtrl.o
 .debug_macro   0x000000000000154b       0xbd ./Core/Src/ServoCtrl.o
 .debug_macro   0x0000000000001608      0xd23 ./Core/Src/ServoCtrl.o
 .debug_macro   0x000000000000232b     0xe09e ./Core/Src/ServoCtrl.o
 .debug_macro   0x00000000000103c9       0x6d ./Core/Src/ServoCtrl.o
 .debug_macro   0x0000000000010436     0x348d ./Core/Src/ServoCtrl.o
 .debug_macro   0x00000000000138c3      0x17b ./Core/Src/ServoCtrl.o
 .debug_macro   0x0000000000013a3e       0x5c ./Core/Src/ServoCtrl.o
 .debug_macro   0x0000000000013a9a      0x5bc ./Core/Src/ServoCtrl.o
 .debug_macro   0x0000000000014056      0x289 ./Core/Src/ServoCtrl.o
 .debug_macro   0x00000000000142df      0x1cb ./Core/Src/ServoCtrl.o
 .debug_macro   0x00000000000144aa      0x114 ./Core/Src/ServoCtrl.o
 .debug_macro   0x00000000000145be      0x1b2 ./Core/Src/ServoCtrl.o
 .debug_macro   0x0000000000014770       0x27 ./Core/Src/ServoCtrl.o
 .debug_macro   0x0000000000014797      0x136 ./Core/Src/ServoCtrl.o
 .debug_macro   0x00000000000148cd      0x1bc ./Core/Src/ServoCtrl.o
 .debug_macro   0x0000000000014a89       0x34 ./Core/Src/ServoCtrl.o
 .debug_macro   0x0000000000014abd       0x3c ./Core/Src/ServoCtrl.o
 .debug_macro   0x0000000000014af9      0x408 ./Core/Src/ServoCtrl.o
 .debug_macro   0x0000000000014f01       0x57 ./Core/Src/ServoCtrl.o
 .debug_macro   0x0000000000014f58       0x87 ./Core/Src/ServoCtrl.o
 .debug_macro   0x0000000000014fdf      0x240 ./Core/Src/ServoCtrl.o
 .debug_macro   0x000000000001521f      0x140 ./Core/Src/ServoCtrl.o
 .debug_macro   0x000000000001535f      0x8ed ./Core/Src/ServoCtrl.o
 .debug_macro   0x0000000000015c4c      0x28e ./Core/Src/ServoCtrl.o
 .debug_macro   0x0000000000015eda       0x83 ./Core/Src/ServoCtrl.o
 .debug_macro   0x0000000000015f5d       0x46 ./Core/Src/ServoCtrl.o
 .debug_macro   0x0000000000015fa3      0x1b2 ./Core/Src/ServoCtrl.o
 .debug_macro   0x0000000000016155       0x10 ./Core/Src/ServoCtrl.o
 .debug_macro   0x0000000000016165      0x3ed ./Core/Src/ServoCtrl.o
 .debug_macro   0x0000000000016552       0x61 ./Core/Src/ServoCtrl.o
 .debug_macro   0x00000000000165b3       0x24 ./Core/Src/ServoCtrl.o
 .debug_macro   0x00000000000165d7       0x43 ./Core/Src/ServoCtrl.o
 .debug_macro   0x000000000001661a       0x34 ./Core/Src/ServoCtrl.o
 .debug_macro   0x000000000001664e       0x16 ./Core/Src/ServoCtrl.o
 .debug_macro   0x0000000000016664       0x43 ./Core/Src/ServoCtrl.o
 .debug_macro   0x00000000000166a7       0x34 ./Core/Src/ServoCtrl.o
 .debug_macro   0x00000000000166db       0x10 ./Core/Src/ServoCtrl.o
 .debug_macro   0x00000000000166eb       0x58 ./Core/Src/ServoCtrl.o
 .debug_macro   0x0000000000016743       0x8e ./Core/Src/ServoCtrl.o
 .debug_macro   0x00000000000167d1       0x16 ./Core/Src/ServoCtrl.o
 .debug_macro   0x00000000000167e7      0x177 ./Core/Src/ServoCtrl.o
 .debug_macro   0x000000000001695e      0x38c ./Core/Src/ServoCtrl.o
 .debug_macro   0x0000000000016cea       0x10 ./Core/Src/ServoCtrl.o
 .debug_macro   0x0000000000016cfa       0x35 ./Core/Src/ServoCtrl.o
 .debug_macro   0x0000000000016d2f       0x20 ./Core/Src/ServoCtrl.o
 .debug_macro   0x0000000000016d4f       0x8e ./Core/Src/ServoCtrl.o
 .debug_macro   0x0000000000016ddd      0x1bc ./Core/Src/main.o
 .debug_macro   0x0000000000016f99      0xa9c ./Core/Src/main.o
 .debug_macro   0x0000000000017a35      0xd23 ./Core/Src/main.o
 .debug_macro   0x0000000000018758      0x174 ./Core/Src/main.o
 .debug_macro   0x00000000000188cc      0x1bc ./Core/Src/stm32f1xx_hal_msp.o
 .debug_macro   0x0000000000018a88      0x1c6 ./Core/Src/stm32f1xx_it.o
 .debug_macro   0x0000000000018c4e      0x1ad ./Core/Src/system_stm32f1xx.o
 .debug_macro   0x0000000000018dfb      0x1c9 ./Core/Src/wrapper.o
 .debug_macro   0x0000000000018fc4      0x1d1 ./Drivers/STM32F1xx_HAL_Driver/Src/stm32f1xx_hal.o
 .debug_macro   0x0000000000019195      0x1b5 ./Drivers/STM32F1xx_HAL_Driver/Src/stm32f1xx_hal_can.o
 .debug_macro   0x000000000001934a      0x1ad ./Drivers/STM32F1xx_HAL_Driver/Src/stm32f1xx_hal_cortex.o
 .debug_macro   0x00000000000194f7      0x218 ./Drivers/STM32F1xx_HAL_Driver/Src/stm32f1xx_hal_gpio.o
 .debug_macro   0x000000000001970f      0x1bf ./Drivers/STM32F1xx_HAL_Driver/Src/stm32f1xx_hal_rcc.o
 .debug_macro   0x00000000000198ce      0x1ae ./Drivers/STM32F1xx_HAL_Driver/Src/stm32f1xx_hal_tim.o
 .debug_macro   0x0000000000019a7c      0x1ad ./Drivers/STM32F1xx_HAL_Driver/Src/stm32f1xx_hal_tim_ex.o
 .debug_macro   0x0000000000019c29      0x1ae ./Drivers/STM32F1xx_HAL_Driver/Src/stm32f1xx_hal_uart.o

.debug_line     0x0000000000000000     0xebd2
 .debug_line    0x0000000000000000      0xba6 ./Core/Src/ServoCtrl.o
 .debug_line    0x0000000000000ba6      0x95a ./Core/Src/main.o
 .debug_line    0x0000000000001500      0x869 ./Core/Src/stm32f1xx_hal_msp.o
 .debug_line    0x0000000000001d69      0x802 ./Core/Src/stm32f1xx_it.o
 .debug_line    0x000000000000256b      0x78e ./Core/Src/system_stm32f1xx.o
 .debug_line    0x0000000000002cf9      0x8df ./Core/Src/wrapper.o
 .debug_line    0x00000000000035d8       0x78 ./Core/Startup/startup_stm32f103c8tx.o
 .debug_line    0x0000000000003650      0x9bb ./Drivers/STM32F1xx_HAL_Driver/Src/stm32f1xx_hal.o
 .debug_line    0x000000000000400b     0x1162 ./Drivers/STM32F1xx_HAL_Driver/Src/stm32f1xx_hal_can.o
 .debug_line    0x000000000000516d      0xba3 ./Drivers/STM32F1xx_HAL_Driver/Src/stm32f1xx_hal_cortex.o
 .debug_line    0x0000000000005d10      0xa54 ./Drivers/STM32F1xx_HAL_Driver/Src/stm32f1xx_hal_gpio.o
 .debug_line    0x0000000000006764      0xdc4 ./Drivers/STM32F1xx_HAL_Driver/Src/stm32f1xx_hal_rcc.o
 .debug_line    0x0000000000007528     0x34a7 ./Drivers/STM32F1xx_HAL_Driver/Src/stm32f1xx_hal_tim.o
 .debug_line    0x000000000000a9cf     0x191a ./Drivers/STM32F1xx_HAL_Driver/Src/stm32f1xx_hal_tim_ex.o
 .debug_line    0x000000000000c2e9     0x28e9 ./Drivers/STM32F1xx_HAL_Driver/Src/stm32f1xx_hal_uart.o

.debug_str      0x0000000000000000    0x8e40c
 .debug_str     0x0000000000000000    0x8ab02 ./Core/Src/ServoCtrl.o
                                      0x8b00b (size before relaxing)
 .debug_str     0x000000000008ab02      0xc28 ./Core/Src/main.o
                                      0x868db (size before relaxing)
 .debug_str     0x000000000008b72a       0xfb ./Core/Src/stm32f1xx_hal_msp.o
                                      0x865d3 (size before relaxing)
 .debug_str     0x000000000008b825      0x10a ./Core/Src/stm32f1xx_it.o
                                      0x85bb5 (size before relaxing)
 .debug_str     0x000000000008b92f       0x7e ./Core/Src/system_stm32f1xx.o
                                      0x8579a (size before relaxing)
 .debug_str     0x000000000008b9ad      0x3b5 ./Core/Src/wrapper.o
                                      0x86597 (size before relaxing)
 .debug_str     0x000000000008bd62       0x34 ./Core/Startup/startup_stm32f103c8tx.o
                                         0x71 (size before relaxing)
 .debug_str     0x000000000008bd96      0x314 ./Drivers/STM32F1xx_HAL_Driver/Src/stm32f1xx_hal.o
                                      0x85ecd (size before relaxing)
 .debug_str     0x000000000008c0aa      0x415 ./Drivers/STM32F1xx_HAL_Driver/Src/stm32f1xx_hal_can.o
                                      0x85f9a (size before relaxing)
 .debug_str     0x000000000008c4bf      0x263 ./Drivers/STM32F1xx_HAL_Driver/Src/stm32f1xx_hal_cortex.o
                                      0x85e19 (size before relaxing)
 .debug_str     0x000000000008c722      0x29c ./Drivers/STM32F1xx_HAL_Driver/Src/stm32f1xx_hal_gpio.o
                                      0x85b20 (size before relaxing)
 .debug_str     0x000000000008c9be      0x21e ./Drivers/STM32F1xx_HAL_Driver/Src/stm32f1xx_hal_rcc.o
                                      0x85bc9 (size before relaxing)
 .debug_str     0x000000000008cbdc      0xd6e ./Drivers/STM32F1xx_HAL_Driver/Src/stm32f1xx_hal_tim.o
                                      0x86bbb (size before relaxing)
 .debug_str     0x000000000008d94a      0x493 ./Drivers/STM32F1xx_HAL_Driver/Src/stm32f1xx_hal_tim_ex.o
                                      0x863d7 (size before relaxing)
 .debug_str     0x000000000008dddd      0x62f ./Drivers/STM32F1xx_HAL_Driver/Src/stm32f1xx_hal_uart.o
                                      0x8623a (size before relaxing)

.debug_frame    0x0000000000000000     0x3828
 .debug_frame   0x0000000000000000      0x144 ./Core/Src/ServoCtrl.o
 .debug_frame   0x0000000000000144      0x10c ./Core/Src/main.o
 .debug_frame   0x0000000000000250      0x13c ./Core/Src/stm32f1xx_hal_msp.o
 .debug_frame   0x000000000000038c      0x13c ./Core/Src/stm32f1xx_it.o
 .debug_frame   0x00000000000004c8       0x58 ./Core/Src/system_stm32f1xx.o
 .debug_frame   0x0000000000000520      0x124 ./Core/Src/wrapper.o
 .debug_frame   0x0000000000000644      0x334 ./Drivers/STM32F1xx_HAL_Driver/Src/stm32f1xx_hal.o
 .debug_frame   0x0000000000000978      0x5a0 ./Drivers/STM32F1xx_HAL_Driver/Src/stm32f1xx_hal_can.o
 .debug_frame   0x0000000000000f18      0x428 ./Drivers/STM32F1xx_HAL_Driver/Src/stm32f1xx_hal_cortex.o
 .debug_frame   0x0000000000001340      0x14c ./Drivers/STM32F1xx_HAL_Driver/Src/stm32f1xx_hal_gpio.o
 .debug_frame   0x000000000000148c      0x218 ./Drivers/STM32F1xx_HAL_Driver/Src/stm32f1xx_hal_rcc.o
 .debug_frame   0x00000000000016a4     0x11bc ./Drivers/STM32F1xx_HAL_Driver/Src/stm32f1xx_hal_tim.o
 .debug_frame   0x0000000000002860      0x638 ./Drivers/STM32F1xx_HAL_Driver/Src/stm32f1xx_hal_tim_ex.o
 .debug_frame   0x0000000000002e98      0x944 ./Drivers/STM32F1xx_HAL_Driver/Src/stm32f1xx_hal_uart.o
 .debug_frame   0x00000000000037dc       0x20 C:/ST/STM32CubeIDE_1.9.0/STM32CubeIDE/plugins/com.st.stm32cube.ide.mcu.externaltools.gnu-tools-for-stm32.11.3.rel1.win32_1.1.1.202309131626/tools/bin/../lib/gcc/arm-none-eabi/11.3.1/../../../../arm-none-eabi/lib/thumb/v7-m/nofp\libc_nano.a(libc_a-memset.o)
 .debug_frame   0x00000000000037fc       0x2c C:/ST/STM32CubeIDE_1.9.0/STM32CubeIDE/plugins/com.st.stm32cube.ide.mcu.externaltools.gnu-tools-for-stm32.11.3.rel1.win32_1.1.1.202309131626/tools/bin/../lib/gcc/arm-none-eabi/11.3.1/../../../../arm-none-eabi/lib/thumb/v7-m/nofp\libc_nano.a(libc_a-init.o)

.debug_line_str
                0x0000000000000000       0x65
 .debug_line_str
                0x0000000000000000       0x65 ./Core/Startup/startup_stm32f103c8tx.o
                                         0x7d (size before relaxing)
