../Core/Inc/CanCtrl.hpp:31:8:CanCtrl::CanCtrl()	16	static
../Core/Inc/CanCtrl.hpp:45:13:void CanCtrl::canInit()	16	static
../Core/Inc/CanCtrl.hpp:49:13:bool CanCtrl::receive(uint32_t&, uint8_t*)	32	static
../Core/Inc/CanCtrl.hpp:63:13:void CanCtrl::ledCan()	16	static
../Core/Src/wrapper.cpp:12:7:void HAL_CAN_RxFifo0MsgPendingCallback(CAN_HandleTypeDef*)	32	static
../Core/Src/wrapper.cpp:32:7:void HAL_GPIO_EXTI_Callback(uint16_t)	16	static
../Core/Src/wrapper.cpp:42:7:void main_cpp()	16	static
../Core/Src/wrapper.cpp:69:1:void __static_initialization_and_destruction_0(int, int)	16	static
../Core/Src/wrapper.cpp:69:1:cpp)	8	static
